exports[`Button has correct default options 1`] = `
<span>
  <button
    id="button"
    type="button">
    click-me.
  </button>
</span>
`;
