exports[`Checkbox has correct default options 1`] = `
<input
  checked={true}
  id="item2"
  name="item2"
  type="checkbox" />
`;
