exports[`InputNumber has correct default options 1`] = `
<input
  disabled={true}
  id="item2"
  name="item2"
  type="number"
  value="10" />
`;
