exports[`Select has correct default options 1`] = `
<select
  id="item2"
  name="item2">
  <option>
    My first option
  </option>
  <option>
    My second option
  </option>
  <option>
    My third option
  </option>
</select>
`;
